{
  "productId": "00000000-0000-0000-0000-000001234567",
  "actualStock": 25,
  "reservedStock": 0,
  "availableStock": 25
}